Configuration file is invalid. Check the following parameters in your configuration file:
	- Configuration file contains unexpected 'update_option' value. The expected values are 'update_as_unapproved' or 'update_without_changes'
