Configuration file is invalid. Check the following parameters in your configuration file:
	- 'Source' parameter couldn't be empty. Specify source paths in your configuration file
