Configuration file doesn't exist. Run the 'crowdin init' to generate configuration skeleton