Configuration file is invalid. Check the following parameters in your configuration file:
	- Section 'files' in the configuration file couldn't be empty. Specify source and translation paths
