Configuration file is invalid. Check the following parameters in your configuration file:
	- Base path \home\file.txt\ was not found. Check your 'base_path' for potential typos and\or capitalization mismatches
