Configuration file is invalid. Check the following parameters in your configuration file:
	- Required option 'api_token' is missing in the configuration file
