Configuration file is invalid. Check the following parameters in your configuration file:
	- 'Translation' parameter couldn't be empty. Specify translation paths in your configuration file
