Configuration file is invalid. Check the following parameters in your configuration file:
	- 'Translation' parameter should contain at least one language placeholder (e.g. %locale%)
