Configuration file is invalid. Check the following parameters in your configuration file:
	- Configuration file contains unexpected 'base_url'. The expected format is 'https:\\crowdin.com' or 'https:\\{domain_name}.crowdin.com'
