Configuration file is invalid. Check the following parameters in your configuration file:
	- Required option 'project_id' is missing in the configuration file
